{
  "2" : {
    "COLORED__YELLOW__1" : "1%",
    "COLORED__YELLOW__2" : "1%",
    "COLORED__YELLOW__3" : "1%",
    "COLORED__YELLOW__4" : "2%",
    "COLORED__YELLOW__5" : "2%",
    "COLORED__YELLOW__6" : "3%",
    "COLORED__YELLOW__7" : "3%",
    "COLORED__YELLOW__8" : "4%",
    "COLORED__YELLOW__9" : "5%",
    "COLORED__YELLOW__10" : "5%",
    "COLORED__YELLOW__11" : "6%",
    "COLORED__YELLOW__12" : "7%",
    "COLORED__YELLOW__13" : "8%",
    "COLORED__RED__1" : "1%",
    "COLORED__RED__2" : "1%",
    "COLORED__RED__3" : "1%",
    "COLORED__RED__4" : "2%",
    "COLORED__RED__5" : "2%",
    "COLORED__RED__6" : "3%",
    "COLORED__RED__7" : "3%",
    "COLORED__RED__8" : "4%",
    "COLORED__RED__9" : "5%",
    "COLORED__RED__10" : "5%",
    "COLORED__RED__11" : "6%",
    "COLORED__RED__12" : "7%",
    "COLORED__RED__13" : "8%",
    "COLORED__BLUE__1" : "1%",
    "COLORED__BLUE__2" : "1%",
    "COLORED__BLUE__3" : "1%",
    "COLORED__BLUE__4" : "2%",
    "COLORED__BLUE__5" : "2%",
    "COLORED__BLUE__6" : "3%",
    "COLORED__BLUE__7" : "3%",
    "COLORED__BLUE__8" : "4%",
    "COLORED__BLUE__9" : "5%",
    "COLORED__BLUE__10" : "5%",
    "COLORED__BLUE__11" : "6%",
    "COLORED__BLUE__12" : "7%",
    "COLORED__BLUE__13" : "8%",
    "COLORED__BLACK__1" : "47%",
    "COLORED__BLACK__2" : "49%",
    "COLORED__BLACK__3" : "51%",
    "COLORED__BLACK__4" : "54%",
    "COLORED__BLACK__5" : "56%",
    "COLORED__BLACK__6" : "58%",
    "COLORED__BLACK__7" : "61%",
    "COLORED__BLACK__8" : "63%",
    "COLORED__BLACK__9" : "65%",
    "COLORED__BLACK__10" : "68%",
    "COLORED__BLACK__11" : "71%",
    "COLORED__BLACK__12" : "73%",
    "COLORED__BLACK__13" : "76%",
    "ESCAPE" : "1%",
    "MERMAID__NONE" : "78%",
    "PIRATE__EVIL_EMMY" : "81%",
    "PIRATE__HARRY_THE_GIANT" : "81%",
    "PIRATE__TORTUGA_JACK" : "81%",
    "PIRATE__BADEYE_JOE" : "81%",
    "PIRATE__BETTY_BRAVE" : "81%",
    "SKULLKING" : "93%",
    "SCARY_MARY" : "81%"
  },
  "3" : {
    "COLORED__YELLOW__1" : "0%",
    "COLORED__YELLOW__2" : "0%",
    "COLORED__YELLOW__3" : "0%",
    "COLORED__YELLOW__4" : "0%",
    "COLORED__YELLOW__5" : "0%",
    "COLORED__YELLOW__6" : "0%",
    "COLORED__YELLOW__7" : "1%",
    "COLORED__YELLOW__8" : "1%",
    "COLORED__YELLOW__9" : "1%",
    "COLORED__YELLOW__10" : "1%",
    "COLORED__YELLOW__11" : "1%",
    "COLORED__YELLOW__12" : "2%",
    "COLORED__YELLOW__13" : "2%",
    "COLORED__RED__1" : "0%",
    "COLORED__RED__2" : "0%",
    "COLORED__RED__3" : "0%",
    "COLORED__RED__4" : "0%",
    "COLORED__RED__5" : "0%",
    "COLORED__RED__6" : "0%",
    "COLORED__RED__7" : "1%",
    "COLORED__RED__8" : "1%",
    "COLORED__RED__9" : "1%",
    "COLORED__RED__10" : "1%",
    "COLORED__RED__11" : "1%",
    "COLORED__RED__12" : "2%",
    "COLORED__RED__13" : "2%",
    "COLORED__BLUE__1" : "0%",
    "COLORED__BLUE__2" : "0%",
    "COLORED__BLUE__3" : "0%",
    "COLORED__BLUE__4" : "0%",
    "COLORED__BLUE__5" : "0%",
    "COLORED__BLUE__6" : "0%",
    "COLORED__BLUE__7" : "1%",
    "COLORED__BLUE__8" : "1%",
    "COLORED__BLUE__9" : "1%",
    "COLORED__BLUE__10" : "1%",
    "COLORED__BLUE__11" : "1%",
    "COLORED__BLUE__12" : "2%",
    "COLORED__BLUE__13" : "2%",
    "COLORED__BLACK__1" : "33%",
    "COLORED__BLACK__2" : "35%",
    "COLORED__BLACK__3" : "38%",
    "COLORED__BLACK__4" : "40%",
    "COLORED__BLACK__5" : "43%",
    "COLORED__BLACK__6" : "46%",
    "COLORED__BLACK__7" : "48%",
    "COLORED__BLACK__8" : "51%",
    "COLORED__BLACK__9" : "54%",
    "COLORED__BLACK__10" : "57%",
    "COLORED__BLACK__11" : "61%",
    "COLORED__BLACK__12" : "64%",
    "COLORED__BLACK__13" : "67%",
    "ESCAPE" : "0%",
    "MERMAID__NONE" : "71%",
    "PIRATE__EVIL_EMMY" : "75%",
    "PIRATE__HARRY_THE_GIANT" : "75%",
    "PIRATE__TORTUGA_JACK" : "75%",
    "PIRATE__BADEYE_JOE" : "75%",
    "PIRATE__BETTY_BRAVE" : "75%",
    "SKULLKING" : "91%",
    "SCARY_MARY" : "75%"
  },
  "4" : {
    "COLORED__YELLOW__1" : "0%",
    "COLORED__YELLOW__2" : "0%",
    "COLORED__YELLOW__3" : "0%",
    "COLORED__YELLOW__4" : "0%",
    "COLORED__YELLOW__5" : "0%",
    "COLORED__YELLOW__6" : "0%",
    "COLORED__YELLOW__7" : "0%",
    "COLORED__YELLOW__8" : "0%",
    "COLORED__YELLOW__9" : "0%",
    "COLORED__YELLOW__10" : "0%",
    "COLORED__YELLOW__11" : "0%",
    "COLORED__YELLOW__12" : "0%",
    "COLORED__YELLOW__13" : "1%",
    "COLORED__RED__1" : "0%",
    "COLORED__RED__2" : "0%",
    "COLORED__RED__3" : "0%",
    "COLORED__RED__4" : "0%",
    "COLORED__RED__5" : "0%",
    "COLORED__RED__6" : "0%",
    "COLORED__RED__7" : "0%",
    "COLORED__RED__8" : "0%",
    "COLORED__RED__9" : "0%",
    "COLORED__RED__10" : "0%",
    "COLORED__RED__11" : "0%",
    "COLORED__RED__12" : "0%",
    "COLORED__RED__13" : "1%",
    "COLORED__BLUE__1" : "0%",
    "COLORED__BLUE__2" : "0%",
    "COLORED__BLUE__3" : "0%",
    "COLORED__BLUE__4" : "0%",
    "COLORED__BLUE__5" : "0%",
    "COLORED__BLUE__6" : "0%",
    "COLORED__BLUE__7" : "0%",
    "COLORED__BLUE__8" : "0%",
    "COLORED__BLUE__9" : "0%",
    "COLORED__BLUE__10" : "0%",
    "COLORED__BLUE__11" : "0%",
    "COLORED__BLUE__12" : "0%",
    "COLORED__BLUE__13" : "1%",
    "COLORED__BLACK__1" : "24%",
    "COLORED__BLACK__2" : "26%",
    "COLORED__BLACK__3" : "28%",
    "COLORED__BLACK__4" : "31%",
    "COLORED__BLACK__5" : "33%",
    "COLORED__BLACK__6" : "36%",
    "COLORED__BLACK__7" : "39%",
    "COLORED__BLACK__8" : "42%",
    "COLORED__BLACK__9" : "46%",
    "COLORED__BLACK__10" : "49%",
    "COLORED__BLACK__11" : "53%",
    "COLORED__BLACK__12" : "57%",
    "COLORED__BLACK__13" : "61%",
    "ESCAPE" : "0%",
    "MERMAID__NONE" : "65%",
    "PIRATE__EVIL_EMMY" : "70%",
    "PIRATE__HARRY_THE_GIANT" : "70%",
    "PIRATE__TORTUGA_JACK" : "70%",
    "PIRATE__BADEYE_JOE" : "70%",
    "PIRATE__BETTY_BRAVE" : "70%",
    "SKULLKING" : "91%",
    "SCARY_MARY" : "70%"
  },
  "5" : {
    "COLORED__YELLOW__1" : "0%",
    "COLORED__YELLOW__2" : "0%",
    "COLORED__YELLOW__3" : "0%",
    "COLORED__YELLOW__4" : "0%",
    "COLORED__YELLOW__5" : "0%",
    "COLORED__YELLOW__6" : "0%",
    "COLORED__YELLOW__7" : "0%",
    "COLORED__YELLOW__8" : "0%",
    "COLORED__YELLOW__9" : "0%",
    "COLORED__YELLOW__10" : "0%",
    "COLORED__YELLOW__11" : "0%",
    "COLORED__YELLOW__12" : "0%",
    "COLORED__YELLOW__13" : "0%",
    "COLORED__RED__1" : "0%",
    "COLORED__RED__2" : "0%",
    "COLORED__RED__3" : "0%",
    "COLORED__RED__4" : "0%",
    "COLORED__RED__5" : "0%",
    "COLORED__RED__6" : "0%",
    "COLORED__RED__7" : "0%",
    "COLORED__RED__8" : "0%",
    "COLORED__RED__9" : "0%",
    "COLORED__RED__10" : "0%",
    "COLORED__RED__11" : "0%",
    "COLORED__RED__12" : "0%",
    "COLORED__RED__13" : "0%",
    "COLORED__BLUE__1" : "0%",
    "COLORED__BLUE__2" : "0%",
    "COLORED__BLUE__3" : "0%",
    "COLORED__BLUE__4" : "0%",
    "COLORED__BLUE__5" : "0%",
    "COLORED__BLUE__6" : "0%",
    "COLORED__BLUE__7" : "0%",
    "COLORED__BLUE__8" : "0%",
    "COLORED__BLUE__9" : "0%",
    "COLORED__BLUE__10" : "0%",
    "COLORED__BLUE__11" : "0%",
    "COLORED__BLUE__12" : "0%",
    "COLORED__BLUE__13" : "0%",
    "COLORED__BLACK__1" : "17%",
    "COLORED__BLACK__2" : "19%",
    "COLORED__BLACK__3" : "21%",
    "COLORED__BLACK__4" : "24%",
    "COLORED__BLACK__5" : "26%",
    "COLORED__BLACK__6" : "29%",
    "COLORED__BLACK__7" : "32%",
    "COLORED__BLACK__8" : "35%",
    "COLORED__BLACK__9" : "39%",
    "COLORED__BLACK__10" : "43%",
    "COLORED__BLACK__11" : "47%",
    "COLORED__BLACK__12" : "51%",
    "COLORED__BLACK__13" : "56%",
    "ESCAPE" : "0%",
    "MERMAID__NONE" : "61%",
    "PIRATE__EVIL_EMMY" : "67%",
    "PIRATE__HARRY_THE_GIANT" : "67%",
    "PIRATE__TORTUGA_JACK" : "67%",
    "PIRATE__BADEYE_JOE" : "67%",
    "PIRATE__BETTY_BRAVE" : "67%",
    "SKULLKING" : "93%",
    "SCARY_MARY" : "67%"
  },
  "6" : {
    "COLORED__YELLOW__1" : "0%",
    "COLORED__YELLOW__2" : "0%",
    "COLORED__YELLOW__3" : "0%",
    "COLORED__YELLOW__4" : "0%",
    "COLORED__YELLOW__5" : "0%",
    "COLORED__YELLOW__6" : "0%",
    "COLORED__YELLOW__7" : "0%",
    "COLORED__YELLOW__8" : "0%",
    "COLORED__YELLOW__9" : "0%",
    "COLORED__YELLOW__10" : "0%",
    "COLORED__YELLOW__11" : "0%",
    "COLORED__YELLOW__12" : "0%",
    "COLORED__YELLOW__13" : "0%",
    "COLORED__RED__1" : "0%",
    "COLORED__RED__2" : "0%",
    "COLORED__RED__3" : "0%",
    "COLORED__RED__4" : "0%",
    "COLORED__RED__5" : "0%",
    "COLORED__RED__6" : "0%",
    "COLORED__RED__7" : "0%",
    "COLORED__RED__8" : "0%",
    "COLORED__RED__9" : "0%",
    "COLORED__RED__10" : "0%",
    "COLORED__RED__11" : "0%",
    "COLORED__RED__12" : "0%",
    "COLORED__RED__13" : "0%",
    "COLORED__BLUE__1" : "0%",
    "COLORED__BLUE__2" : "0%",
    "COLORED__BLUE__3" : "0%",
    "COLORED__BLUE__4" : "0%",
    "COLORED__BLUE__5" : "0%",
    "COLORED__BLUE__6" : "0%",
    "COLORED__BLUE__7" : "0%",
    "COLORED__BLUE__8" : "0%",
    "COLORED__BLUE__9" : "0%",
    "COLORED__BLUE__10" : "0%",
    "COLORED__BLUE__11" : "0%",
    "COLORED__BLUE__12" : "0%",
    "COLORED__BLUE__13" : "0%",
    "COLORED__BLACK__1" : "13%",
    "COLORED__BLACK__2" : "14%",
    "COLORED__BLACK__3" : "16%",
    "COLORED__BLACK__4" : "19%",
    "COLORED__BLACK__5" : "21%",
    "COLORED__BLACK__6" : "24%",
    "COLORED__BLACK__7" : "27%",
    "COLORED__BLACK__8" : "30%",
    "COLORED__BLACK__9" : "34%",
    "COLORED__BLACK__10" : "38%",
    "COLORED__BLACK__11" : "42%",
    "COLORED__BLACK__12" : "47%",
    "COLORED__BLACK__13" : "52%",
    "ESCAPE" : "0%",
    "MERMAID__NONE" : "58%",
    "PIRATE__EVIL_EMMY" : "64%",
    "PIRATE__HARRY_THE_GIANT" : "64%",
    "PIRATE__TORTUGA_JACK" : "64%",
    "PIRATE__BADEYE_JOE" : "64%",
    "PIRATE__BETTY_BRAVE" : "64%",
    "SKULLKING" : "96%",
    "SCARY_MARY" : "64%"
  }
}